main.c:84:6:setVelRadPerSecond	16	static
main.c:88:6:setVelRotPerSecond	16	static
main.c:92:6:setVelDegPerSecond	16	static
main.c:102:5:main	8	static
main.c:183:6:SystemClock_Config	88	static
main.c:228:13:MX_TIM1_Init	96	static
main.c:311:13:MX_TIM2_Init	64	static
main.c:378:13:MX_TIM3_Init	32	static
main.c:423:13:MX_GPIO_Init	40	static
main.c:466:6:HAL_GPIO_EXTI_Callback	16	static
main.c:471:6:HAL_TIM_PeriodElapsedCallback	32	static
main.c:736:5:sin_x	16	static
main.c:877:6:Error_Handler	4	static,ignoring_inline_asm
